// Jest Snapshot v1, https://goo.gl/fbAQLP

exports[`Badge should render correctly in "debug" mode 1`] = `
ShallowWrapper {
  Symbol(enzyme.__root__): [Circular],
  Symbol(enzyme.__unrendered__): <badge
    bottom={false}
    left={false}
    numberOfBadges="3"
    right={false}
    top={false}
  />,
  Symbol(enzyme.__renderer__): Object {
    "batchedUpdates": [Function],
    "getNode": [Function],
    "render": [Function],
    "simulateError": [Function],
    "simulateEvent": [Function],
    "unmount": [Function],
  },
  Symbol(enzyme.__node__): Object {
    "instance": null,
    "key": undefined,
    "nodeType": "function",
    "props": Object {
      "bottom": false,
      "children": Array [
        <ForwardRef>
          <img
            alt=""
            src="ic-awards-24@2x.png"
          />
        </ForwardRef>,
        <ForwardRef>
          <img
            alt=""
            src="ic-awards-24@2x.png"
          />
        </ForwardRef>,
        <ForwardRef>
          <img
            alt=""
            src="ic-awards-24@2x.png"
          />
        </ForwardRef>,
      ],
      "className": "card__badges",
      "left": false,
      "right": false,
      "top": false,
    },
    "ref": null,
    "rendered": Array [
      Object {
        "instance": null,
        "key": undefined,
        "nodeType": "function",
        "props": Object {
          "children": <img
            alt=""
            src="ic-awards-24@2x.png"
          />,
        },
        "ref": null,
        "rendered": Object {
          "instance": null,
          "key": undefined,
          "nodeType": "host",
          "props": Object {
            "alt": "",
            "src": "ic-awards-24@2x.png",
          },
          "ref": null,
          "rendered": null,
          "type": "img",
        },
        "type": Object {
          "$$typeof": Symbol(react.forward_ref),
          "attrs": undefined,
          "componentStyle": ComponentStyle {
            "componentId": "sc-bwzfXH",
            "isStatic": true,
            "rules": Array [
              "
    display: inline-block;
    height: 24px;
    width: 24px;  
    img{
        width: 100%;
    }
",
            ],
          },
          "displayName": "styled.div",
          "render": [Function],
          "styledComponentId": "sc-bwzfXH",
          "target": "div",
          "toString": [Function],
          "warnTooManyClasses": [Function],
          "withComponent": [Function],
        },
      },
      Object {
        "instance": null,
        "key": undefined,
        "nodeType": "function",
        "props": Object {
          "children": <img
            alt=""
            src="ic-awards-24@2x.png"
          />,
        },
        "ref": null,
        "rendered": Object {
          "instance": null,
          "key": undefined,
          "nodeType": "host",
          "props": Object {
            "alt": "",
            "src": "ic-awards-24@2x.png",
          },
          "ref": null,
          "rendered": null,
          "type": "img",
        },
        "type": Object {
          "$$typeof": Symbol(react.forward_ref),
          "attrs": undefined,
          "componentStyle": ComponentStyle {
            "componentId": "sc-bwzfXH",
            "isStatic": true,
            "rules": Array [
              "
    display: inline-block;
    height: 24px;
    width: 24px;  
    img{
        width: 100%;
    }
",
            ],
          },
          "displayName": "styled.div",
          "render": [Function],
          "styledComponentId": "sc-bwzfXH",
          "target": "div",
          "toString": [Function],
          "warnTooManyClasses": [Function],
          "withComponent": [Function],
        },
      },
      Object {
        "instance": null,
        "key": undefined,
        "nodeType": "function",
        "props": Object {
          "children": <img
            alt=""
            src="ic-awards-24@2x.png"
          />,
        },
        "ref": null,
        "rendered": Object {
          "instance": null,
          "key": undefined,
          "nodeType": "host",
          "props": Object {
            "alt": "",
            "src": "ic-awards-24@2x.png",
          },
          "ref": null,
          "rendered": null,
          "type": "img",
        },
        "type": Object {
          "$$typeof": Symbol(react.forward_ref),
          "attrs": undefined,
          "componentStyle": ComponentStyle {
            "componentId": "sc-bwzfXH",
            "isStatic": true,
            "rules": Array [
              "
    display: inline-block;
    height: 24px;
    width: 24px;  
    img{
        width: 100%;
    }
",
            ],
          },
          "displayName": "styled.div",
          "render": [Function],
          "styledComponentId": "sc-bwzfXH",
          "target": "div",
          "toString": [Function],
          "warnTooManyClasses": [Function],
          "withComponent": [Function],
        },
      },
    ],
    "type": Object {
      "$$typeof": Symbol(react.forward_ref),
      "attrs": undefined,
      "componentStyle": ComponentStyle {
        "componentId": "sc-bdVaJa",
        "isStatic": false,
        "rules": Array [
          "
    ",
          [Function],
          ";
    ",
          [Function],
          ";
    ",
          [Function],
          ";
    ",
          [Function],
          ";
    ",
          [Function],
          ";
    z-index: 2;
",
        ],
      },
      "displayName": "styled.div",
      "render": [Function],
      "styledComponentId": "sc-bdVaJa",
      "target": "div",
      "toString": [Function],
      "warnTooManyClasses": [Function],
      "withComponent": [Function],
    },
  },
  Symbol(enzyme.__nodes__): Array [
    Object {
      "instance": null,
      "key": undefined,
      "nodeType": "function",
      "props": Object {
        "bottom": false,
        "children": Array [
          <ForwardRef>
            <img
              alt=""
              src="ic-awards-24@2x.png"
            />
          </ForwardRef>,
          <ForwardRef>
            <img
              alt=""
              src="ic-awards-24@2x.png"
            />
          </ForwardRef>,
          <ForwardRef>
            <img
              alt=""
              src="ic-awards-24@2x.png"
            />
          </ForwardRef>,
        ],
        "className": "card__badges",
        "left": false,
        "right": false,
        "top": false,
      },
      "ref": null,
      "rendered": Array [
        Object {
          "instance": null,
          "key": undefined,
          "nodeType": "function",
          "props": Object {
            "children": <img
              alt=""
              src="ic-awards-24@2x.png"
            />,
          },
          "ref": null,
          "rendered": Object {
            "instance": null,
            "key": undefined,
            "nodeType": "host",
            "props": Object {
              "alt": "",
              "src": "ic-awards-24@2x.png",
            },
            "ref": null,
            "rendered": null,
            "type": "img",
          },
          "type": Object {
            "$$typeof": Symbol(react.forward_ref),
            "attrs": undefined,
            "componentStyle": ComponentStyle {
              "componentId": "sc-bwzfXH",
              "isStatic": true,
              "rules": Array [
                "
    display: inline-block;
    height: 24px;
    width: 24px;  
    img{
        width: 100%;
    }
",
              ],
            },
            "displayName": "styled.div",
            "render": [Function],
            "styledComponentId": "sc-bwzfXH",
            "target": "div",
            "toString": [Function],
            "warnTooManyClasses": [Function],
            "withComponent": [Function],
          },
        },
        Object {
          "instance": null,
          "key": undefined,
          "nodeType": "function",
          "props": Object {
            "children": <img
              alt=""
              src="ic-awards-24@2x.png"
            />,
          },
          "ref": null,
          "rendered": Object {
            "instance": null,
            "key": undefined,
            "nodeType": "host",
            "props": Object {
              "alt": "",
              "src": "ic-awards-24@2x.png",
            },
            "ref": null,
            "rendered": null,
            "type": "img",
          },
          "type": Object {
            "$$typeof": Symbol(react.forward_ref),
            "attrs": undefined,
            "componentStyle": ComponentStyle {
              "componentId": "sc-bwzfXH",
              "isStatic": true,
              "rules": Array [
                "
    display: inline-block;
    height: 24px;
    width: 24px;  
    img{
        width: 100%;
    }
",
              ],
            },
            "displayName": "styled.div",
            "render": [Function],
            "styledComponentId": "sc-bwzfXH",
            "target": "div",
            "toString": [Function],
            "warnTooManyClasses": [Function],
            "withComponent": [Function],
          },
        },
        Object {
          "instance": null,
          "key": undefined,
          "nodeType": "function",
          "props": Object {
            "children": <img
              alt=""
              src="ic-awards-24@2x.png"
            />,
          },
          "ref": null,
          "rendered": Object {
            "instance": null,
            "key": undefined,
            "nodeType": "host",
            "props": Object {
              "alt": "",
              "src": "ic-awards-24@2x.png",
            },
            "ref": null,
            "rendered": null,
            "type": "img",
          },
          "type": Object {
            "$$typeof": Symbol(react.forward_ref),
            "attrs": undefined,
            "componentStyle": ComponentStyle {
              "componentId": "sc-bwzfXH",
              "isStatic": true,
              "rules": Array [
                "
    display: inline-block;
    height: 24px;
    width: 24px;  
    img{
        width: 100%;
    }
",
              ],
            },
            "displayName": "styled.div",
            "render": [Function],
            "styledComponentId": "sc-bwzfXH",
            "target": "div",
            "toString": [Function],
            "warnTooManyClasses": [Function],
            "withComponent": [Function],
          },
        },
      ],
      "type": Object {
        "$$typeof": Symbol(react.forward_ref),
        "attrs": undefined,
        "componentStyle": ComponentStyle {
          "componentId": "sc-bdVaJa",
          "isStatic": false,
          "rules": Array [
            "
    ",
            [Function],
            ";
    ",
            [Function],
            ";
    ",
            [Function],
            ";
    ",
            [Function],
            ";
    ",
            [Function],
            ";
    z-index: 2;
",
          ],
        },
        "displayName": "styled.div",
        "render": [Function],
        "styledComponentId": "sc-bdVaJa",
        "target": "div",
        "toString": [Function],
        "warnTooManyClasses": [Function],
        "withComponent": [Function],
      },
    },
  ],
  Symbol(enzyme.__options__): Object {
    "adapter": ReactSixteenAdapter {
      "options": Object {
        "enableComponentDidUpdateOnSetState": true,
        "lifecycles": Object {
          "componentDidUpdate": Object {
            "onSetState": true,
          },
          "getDerivedStateFromProps": true,
          "getSnapshotBeforeUpdate": true,
          "setState": Object {
            "skipsComponentDidUpdateOnNullish": true,
          },
        },
      },
    },
  },
}
`;
