// Jest Snapshot v1, https://goo.gl/fbAQLP

exports[`Description should render correctly in "debug" mode 1`] = `
ShallowWrapper {
  Symbol(enzyme.__root__): [Circular],
  Symbol(enzyme.__unrendered__): <description
    readMore="https://netbramha.com/"
  >
    this is a long string along with readmore link to limit number
  </description>,
  Symbol(enzyme.__renderer__): Object {
    "batchedUpdates": [Function],
    "getNode": [Function],
    "render": [Function],
    "simulateError": [Function],
    "simulateEvent": [Function],
    "unmount": [Function],
  },
  Symbol(enzyme.__node__): Object {
    "instance": null,
    "key": undefined,
    "nodeType": "function",
    "props": Object {
      "children": Array [
        "this is a long string along with readmore link",
        <a
          href="https://netbramha.com/"
        >
           ...Read
        </a>,
      ],
      "className": "card__description",
    },
    "ref": null,
    "rendered": Array [
      "this is a long string along with readmore link",
      Object {
        "instance": null,
        "key": undefined,
        "nodeType": "host",
        "props": Object {
          "children": " ...Read",
          "href": "https://netbramha.com/",
        },
        "ref": null,
        "rendered": " ...Read",
        "type": "a",
      },
    ],
    "type": Object {
      "$$typeof": Symbol(react.forward_ref),
      "attrs": undefined,
      "componentStyle": ComponentStyle {
        "componentId": "sc-bdVaJa",
        "isStatic": true,
        "rules": Array [
          "
    margin-top: 16px;
    font-size: 0.8rem;
",
        ],
      },
      "displayName": "styled.p",
      "render": [Function],
      "styledComponentId": "sc-bdVaJa",
      "target": "p",
      "toString": [Function],
      "warnTooManyClasses": [Function],
      "withComponent": [Function],
    },
  },
  Symbol(enzyme.__nodes__): Array [
    Object {
      "instance": null,
      "key": undefined,
      "nodeType": "function",
      "props": Object {
        "children": Array [
          "this is a long string along with readmore link",
          <a
            href="https://netbramha.com/"
          >
             ...Read
          </a>,
        ],
        "className": "card__description",
      },
      "ref": null,
      "rendered": Array [
        "this is a long string along with readmore link",
        Object {
          "instance": null,
          "key": undefined,
          "nodeType": "host",
          "props": Object {
            "children": " ...Read",
            "href": "https://netbramha.com/",
          },
          "ref": null,
          "rendered": " ...Read",
          "type": "a",
        },
      ],
      "type": Object {
        "$$typeof": Symbol(react.forward_ref),
        "attrs": undefined,
        "componentStyle": ComponentStyle {
          "componentId": "sc-bdVaJa",
          "isStatic": true,
          "rules": Array [
            "
    margin-top: 16px;
    font-size: 0.8rem;
",
          ],
        },
        "displayName": "styled.p",
        "render": [Function],
        "styledComponentId": "sc-bdVaJa",
        "target": "p",
        "toString": [Function],
        "warnTooManyClasses": [Function],
        "withComponent": [Function],
      },
    },
  ],
  Symbol(enzyme.__options__): Object {
    "adapter": ReactSixteenAdapter {
      "options": Object {
        "enableComponentDidUpdateOnSetState": true,
        "lifecycles": Object {
          "componentDidUpdate": Object {
            "onSetState": true,
          },
          "getDerivedStateFromProps": true,
          "getSnapshotBeforeUpdate": true,
          "setState": Object {
            "skipsComponentDidUpdateOnNullish": true,
          },
        },
      },
    },
  },
}
`;
