// Jest Snapshot v1, https://goo.gl/fbAQLP

exports[`Component should render correctly in "debug" mode 1`] = `
ShallowWrapper {
  Symbol(enzyme.__root__): [Circular],
  Symbol(enzyme.__unrendered__): <cardTitle
    alt=""
    icon={false}
    logo="https://loremflickr.com/260/220"
    rating="4.2"
  >
    Godrej Consumer Products Ltd
  </cardTitle>,
  Symbol(enzyme.__renderer__): Object {
    "batchedUpdates": [Function],
    "getNode": [Function],
    "render": [Function],
    "simulateError": [Function],
    "simulateEvent": [Function],
    "unmount": [Function],
  },
  Symbol(enzyme.__node__): Object {
    "instance": null,
    "key": undefined,
    "nodeType": "host",
    "props": Object {
      "children": Array [
        "",
        <ForwardRef>
          <img
            alt=""
            className="w-100"
            src="https://loremflickr.com/260/220"
          />
        </ForwardRef>,
        <ForwardRef
          className="flex-grow-1 kk-card__title"
        >
          Godrej Consumer Products Ltd
        </ForwardRef>,
        <ForwardRef
          className="card__rating mx-2"
        >
          4.2
        </ForwardRef>,
      ],
      "className": "d-flex mb-3",
    },
    "ref": null,
    "rendered": Array [
      "",
      Object {
        "instance": null,
        "key": undefined,
        "nodeType": "function",
        "props": Object {
          "children": <img
            alt=""
            className="w-100"
            src="https://loremflickr.com/260/220"
          />,
        },
        "ref": null,
        "rendered": Object {
          "instance": null,
          "key": undefined,
          "nodeType": "host",
          "props": Object {
            "alt": "",
            "className": "w-100",
            "src": "https://loremflickr.com/260/220",
          },
          "ref": null,
          "rendered": null,
          "type": "img",
        },
        "type": Object {
          "$$typeof": Symbol(react.forward_ref),
          "attrs": undefined,
          "componentStyle": ComponentStyle {
            "componentId": "sc-bwzfXH",
            "isStatic": true,
            "rules": Array [
              "
  width: 24px;
  min-width: 24px;
  height: 24px;
  min-height: 24px;
  border-radius: 24px;
  margin-right: 8px;
  overflow: hidden;
  box-shadow: 0px 0px 0px 2px rgba(238,239,242,0.52);
",
            ],
          },
          "displayName": "styled.div",
          "render": [Function],
          "styledComponentId": "sc-bwzfXH",
          "target": "div",
          "toString": [Function],
          "warnTooManyClasses": [Function],
          "withComponent": [Function],
        },
      },
      Object {
        "instance": null,
        "key": undefined,
        "nodeType": "function",
        "props": Object {
          "children": "Godrej Consumer Products Ltd",
          "className": "flex-grow-1 kk-card__title",
        },
        "ref": null,
        "rendered": "Godrej Consumer Products Ltd",
        "type": Object {
          "$$typeof": Symbol(react.forward_ref),
          "attrs": undefined,
          "componentStyle": ComponentStyle {
            "componentId": "sc-bdVaJa",
            "isStatic": true,
            "rules": Array [
              "
  font-size: 1rem;
  font-weight: 500;
  margin-bottom: 0;
  font-family: \\"TisaOt\\";
  line-height: 1.25rem;
  padding-top: 4px;
",
            ],
          },
          "displayName": "styled.h3",
          "render": [Function],
          "styledComponentId": "sc-bdVaJa",
          "target": "h3",
          "toString": [Function],
          "warnTooManyClasses": [Function],
          "withComponent": [Function],
        },
      },
      Object {
        "instance": null,
        "key": undefined,
        "nodeType": "function",
        "props": Object {
          "children": "4.2",
          "className": "card__rating mx-2",
        },
        "ref": null,
        "rendered": "4.2",
        "type": Object {
          "$$typeof": Symbol(react.forward_ref),
          "attrs": undefined,
          "componentStyle": ComponentStyle {
            "componentId": "sc-htpNat",
            "isStatic": true,
            "rules": Array [
              "
  font-weight: 600;
  color: ",
              "#80c888",
              "
",
            ],
          },
          "displayName": "styled.div",
          "render": [Function],
          "styledComponentId": "sc-htpNat",
          "target": "div",
          "toString": [Function],
          "warnTooManyClasses": [Function],
          "withComponent": [Function],
        },
      },
    ],
    "type": "div",
  },
  Symbol(enzyme.__nodes__): Array [
    Object {
      "instance": null,
      "key": undefined,
      "nodeType": "host",
      "props": Object {
        "children": Array [
          "",
          <ForwardRef>
            <img
              alt=""
              className="w-100"
              src="https://loremflickr.com/260/220"
            />
          </ForwardRef>,
          <ForwardRef
            className="flex-grow-1 kk-card__title"
          >
            Godrej Consumer Products Ltd
          </ForwardRef>,
          <ForwardRef
            className="card__rating mx-2"
          >
            4.2
          </ForwardRef>,
        ],
        "className": "d-flex mb-3",
      },
      "ref": null,
      "rendered": Array [
        "",
        Object {
          "instance": null,
          "key": undefined,
          "nodeType": "function",
          "props": Object {
            "children": <img
              alt=""
              className="w-100"
              src="https://loremflickr.com/260/220"
            />,
          },
          "ref": null,
          "rendered": Object {
            "instance": null,
            "key": undefined,
            "nodeType": "host",
            "props": Object {
              "alt": "",
              "className": "w-100",
              "src": "https://loremflickr.com/260/220",
            },
            "ref": null,
            "rendered": null,
            "type": "img",
          },
          "type": Object {
            "$$typeof": Symbol(react.forward_ref),
            "attrs": undefined,
            "componentStyle": ComponentStyle {
              "componentId": "sc-bwzfXH",
              "isStatic": true,
              "rules": Array [
                "
  width: 24px;
  min-width: 24px;
  height: 24px;
  min-height: 24px;
  border-radius: 24px;
  margin-right: 8px;
  overflow: hidden;
  box-shadow: 0px 0px 0px 2px rgba(238,239,242,0.52);
",
              ],
            },
            "displayName": "styled.div",
            "render": [Function],
            "styledComponentId": "sc-bwzfXH",
            "target": "div",
            "toString": [Function],
            "warnTooManyClasses": [Function],
            "withComponent": [Function],
          },
        },
        Object {
          "instance": null,
          "key": undefined,
          "nodeType": "function",
          "props": Object {
            "children": "Godrej Consumer Products Ltd",
            "className": "flex-grow-1 kk-card__title",
          },
          "ref": null,
          "rendered": "Godrej Consumer Products Ltd",
          "type": Object {
            "$$typeof": Symbol(react.forward_ref),
            "attrs": undefined,
            "componentStyle": ComponentStyle {
              "componentId": "sc-bdVaJa",
              "isStatic": true,
              "rules": Array [
                "
  font-size: 1rem;
  font-weight: 500;
  margin-bottom: 0;
  font-family: \\"TisaOt\\";
  line-height: 1.25rem;
  padding-top: 4px;
",
              ],
            },
            "displayName": "styled.h3",
            "render": [Function],
            "styledComponentId": "sc-bdVaJa",
            "target": "h3",
            "toString": [Function],
            "warnTooManyClasses": [Function],
            "withComponent": [Function],
          },
        },
        Object {
          "instance": null,
          "key": undefined,
          "nodeType": "function",
          "props": Object {
            "children": "4.2",
            "className": "card__rating mx-2",
          },
          "ref": null,
          "rendered": "4.2",
          "type": Object {
            "$$typeof": Symbol(react.forward_ref),
            "attrs": undefined,
            "componentStyle": ComponentStyle {
              "componentId": "sc-htpNat",
              "isStatic": true,
              "rules": Array [
                "
  font-weight: 600;
  color: ",
                "#80c888",
                "
",
              ],
            },
            "displayName": "styled.div",
            "render": [Function],
            "styledComponentId": "sc-htpNat",
            "target": "div",
            "toString": [Function],
            "warnTooManyClasses": [Function],
            "withComponent": [Function],
          },
        },
      ],
      "type": "div",
    },
  ],
  Symbol(enzyme.__options__): Object {
    "adapter": ReactSixteenAdapter {
      "options": Object {
        "enableComponentDidUpdateOnSetState": true,
        "lifecycles": Object {
          "componentDidUpdate": Object {
            "onSetState": true,
          },
          "getDerivedStateFromProps": true,
          "getSnapshotBeforeUpdate": true,
          "setState": Object {
            "skipsComponentDidUpdateOnNullish": true,
          },
        },
      },
    },
  },
}
`;
