// Jest Snapshot v1, https://goo.gl/fbAQLP

exports[`FavButton should render correctly in "debug" mode 1`] = `
ShallowWrapper {
  Symbol(enzyme.__root__): [Circular],
  Symbol(enzyme.__unrendered__): <favButton
    bottom={false}
    left={false}
    right={true}
    top={true}
  />,
  Symbol(enzyme.__renderer__): Object {
    "batchedUpdates": [Function],
    "getNode": [Function],
    "render": [Function],
    "simulateError": [Function],
    "simulateEvent": [Function],
    "unmount": [Function],
  },
  Symbol(enzyme.__node__): Object {
    "instance": null,
    "key": undefined,
    "nodeType": "function",
    "props": Object {
      "bottom": false,
      "className": "card__fav-button icon-ic-heart-disable-24",
      "left": false,
      "right": true,
      "top": true,
    },
    "ref": null,
    "rendered": null,
    "type": Object {
      "$$typeof": Symbol(react.forward_ref),
      "attrs": undefined,
      "componentStyle": ComponentStyle {
        "componentId": "sc-bdVaJa",
        "isStatic": false,
        "rules": Array [
          "
  ",
          [Function],
          ";
  ",
          [Function],
          ";
  ",
          [Function],
          ";
  ",
          [Function],
          ";
  ",
          [Function],
          ";
  color: #FFF;
  border: none;
  background-color: transparent;
  cursor: pointer;
  z-index: 2;
  padding: 0;
  height: 24px;
  width: 24px;
",
        ],
      },
      "displayName": "styled.button",
      "render": [Function],
      "styledComponentId": "sc-bdVaJa",
      "target": "button",
      "toString": [Function],
      "warnTooManyClasses": [Function],
      "withComponent": [Function],
    },
  },
  Symbol(enzyme.__nodes__): Array [
    Object {
      "instance": null,
      "key": undefined,
      "nodeType": "function",
      "props": Object {
        "bottom": false,
        "className": "card__fav-button icon-ic-heart-disable-24",
        "left": false,
        "right": true,
        "top": true,
      },
      "ref": null,
      "rendered": null,
      "type": Object {
        "$$typeof": Symbol(react.forward_ref),
        "attrs": undefined,
        "componentStyle": ComponentStyle {
          "componentId": "sc-bdVaJa",
          "isStatic": false,
          "rules": Array [
            "
  ",
            [Function],
            ";
  ",
            [Function],
            ";
  ",
            [Function],
            ";
  ",
            [Function],
            ";
  ",
            [Function],
            ";
  color: #FFF;
  border: none;
  background-color: transparent;
  cursor: pointer;
  z-index: 2;
  padding: 0;
  height: 24px;
  width: 24px;
",
          ],
        },
        "displayName": "styled.button",
        "render": [Function],
        "styledComponentId": "sc-bdVaJa",
        "target": "button",
        "toString": [Function],
        "warnTooManyClasses": [Function],
        "withComponent": [Function],
      },
    },
  ],
  Symbol(enzyme.__options__): Object {
    "adapter": ReactSixteenAdapter {
      "options": Object {
        "enableComponentDidUpdateOnSetState": true,
        "lifecycles": Object {
          "componentDidUpdate": Object {
            "onSetState": true,
          },
          "getDerivedStateFromProps": true,
          "getSnapshotBeforeUpdate": true,
          "setState": Object {
            "skipsComponentDidUpdateOnNullish": true,
          },
        },
      },
    },
  },
}
`;
